WARNING: A restricted method in java.lang.System has been called
WARNING: java.lang.System::load has been called by org.fusesource.jansi.internal.JansiLoader in an unnamed module (file:/C:/agropecuario-pos/backend/apache-maven-3.9.6/lib/jansi-2.4.0.jar)
WARNING: Use --enable-native-access=ALL-UNNAMED to avoid a warning for callers in this module
WARNING: Restricted methods will be blocked in a future release unless native access is enabled

WARNING: A terminally deprecated method in sun.misc.Unsafe has been called
WARNING: sun.misc.Unsafe::objectFieldOffset has been called by com.google.common.util.concurrent.AbstractFuture$UnsafeAtomicHelper (file:/C:/agropecuario-pos/backend/apache-maven-3.9.6/lib/guava-32.0.1-jre.jar)
WARNING: Please consider reporting this to the maintainers of class com.google.common.util.concurrent.AbstractFuture$UnsafeAtomicHelper
WARNING: sun.misc.Unsafe::objectFieldOffset will be removed in a future release
[INFO] Scanning for projects...
[INFO] 
[INFO] --------------------< com.agropecuariopos:backend >---------------------
[INFO] Building Agropecuario POS Backend 0.0.1-SNAPSHOT
[INFO]   from pom.xml
[INFO] --------------------------------[ jar ]---------------------------------
Downloading from central: https://repo.maven.apache.org/maven2/org/apache/maven/plugins/maven-clean-plugin/3.3.2/maven-clean-plugin-3.3.2.pom
Progress (1): 798 B
Progress (1): 1.7 kB
Progress (1): 4.4 kB
Progress (1): 5.3 kB
                    
Downloaded from central: https://repo.maven.apache.org/maven2/org/apache/maven/plugins/maven-clean-plugin/3.3.2/maven-clean-plugin-3.3.2.pom (5.3 kB at 7.7 kB/s)
Downloading from central: https://repo.maven.apache.org/maven2/org/apache/maven/plugins/maven-plugins/40/maven-plugins-40.pom
Progress (1): 773 B
Progress (1): 1.8 kB
Progress (1): 4.2 kB
Progress (1): 6.6 kB
Progress (1): 8.1 kB
                    
Downloaded from central: https://repo.maven.apache.org/maven2/org/apache/maven/plugins/maven-plugins/40/maven-plugins-40.pom (8.1 kB at 22 kB/s)
Downloading from central: https://repo.maven.apache.org/maven2/org/apache/maven/maven-parent/40/maven-parent-40.pom
Progress (1): 727 B
Progress (1): 1.6 kB
Progress (1): 4.2 kB
Progress (1): 8.7 kB
Progress (1): 12 kB 
Progress (1): 16 kB
Progress (1): 21 kB
Progress (1): 24 kB
Progress (1): 27 kB
Progress (1): 28 kB
Progress (1): 30 kB
Progress (1): 33 kB
Progress (1): 36 kB
Progress (1): 39 kB
Progress (1): 41 kB
Progress (1): 45 kB
Progress (1): 49 kB
                   
Downloaded from central: https://repo.maven.apache.org/maven2/org/apache/maven/maven-parent/40/maven-parent-40.pom (49 kB at 70 kB/s)
[INFO] 
[INFO] --- clean:3.3.2:clean (default-clean) @ backend ---
[INFO] Deleting C:\agropecuario-pos\backend\target
[INFO] 
[INFO] --- resources:3.3.1:resources (default-resources) @ backend ---
[INFO] Copying 1 resource from src\main\resources to target\classes
[INFO] Copying 1 resource from src\main\resources to target\classes
[INFO] 
[INFO] --- compiler:3.11.0:compile (default-compile) @ backend ---
[INFO] Changes detected - recompiling the module! :source
[INFO] Compiling 41 source files with javac [debug release 17] to target\classes
[INFO] -------------------------------------------------------------
[ERROR] COMPILATION ERROR : 
[INFO] -------------------------------------------------------------
[ERROR] /C:/agropecuario-pos/backend/src/main/java/com/agropecuariopos/backend/events/listeners/NotificationEventListener.java:[38,23] cannot find symbol
  symbol:   method getTitle()
  location: variable report of type com.agropecuariopos.backend.dto.alerts.EODReportAlert
[ERROR] /C:/agropecuario-pos/backend/src/main/java/com/agropecuariopos/backend/events/listeners/NotificationEventListener.java:[42,48] cannot find symbol
  symbol:   method getTitle()
  location: variable report of type com.agropecuariopos.backend.dto.alerts.EODReportAlert
[ERROR] /C:/agropecuario-pos/backend/src/main/java/com/agropecuariopos/backend/events/listeners/NotificationEventListener.java:[43,52] cannot find symbol
  symbol:   method getTimestamp()
  location: variable report of type com.agropecuariopos.backend.dto.alerts.EODReportAlert
[ERROR] /C:/agropecuario-pos/backend/src/main/java/com/agropecuariopos/backend/events/listeners/NotificationEventListener.java:[44,58] cannot find symbol
  symbol:   method getTotalSalesValue()
  location: variable report of type com.agropecuariopos.backend.dto.alerts.EODReportAlert
[ERROR] /C:/agropecuario-pos/backend/src/main/java/com/agropecuariopos/backend/events/listeners/NotificationEventListener.java:[45,60] cannot find symbol
  symbol:   method getTotalTransactions()
  location: variable report of type com.agropecuariopos.backend.dto.alerts.EODReportAlert
[ERROR] /C:/agropecuario-pos/backend/src/main/java/com/agropecuariopos/backend/events/listeners/NotificationEventListener.java:[46,65] cannot find symbol
  symbol:   method getDocumentsInContingency()
  location: variable report of type com.agropecuariopos.backend.dto.alerts.EODReportAlert
[ERROR] /C:/agropecuario-pos/backend/src/main/java/com/agropecuariopos/backend/events/listeners/NotificationEventListener.java:[47,62] cannot find symbol
  symbol:   method getNetProfitEstimation()
  location: variable report of type com.agropecuariopos.backend.dto.alerts.EODReportAlert
[ERROR] /C:/agropecuario-pos/backend/src/main/java/com/agropecuariopos/backend/events/listeners/NotificationEventListener.java:[55,74] cannot find symbol
  symbol:   method getTitle()
  location: variable report of type com.agropecuariopos.backend.dto.alerts.EODReportAlert
[ERROR] /C:/agropecuario-pos/backend/src/main/java/com/agropecuariopos/backend/services/hacienda/XMLDocumentGeneratorV44.java:[27,80] cannot find symbol
  symbol:   method getInvoiceNumber()
  location: variable sale of type com.agropecuariopos.backend.models.Sale
[ERROR] /C:/agropecuario-pos/backend/src/main/java/com/agropecuariopos/backend/services/hacienda/XMLDocumentGeneratorV44.java:[30,93] cannot find symbol
  symbol:   method getInvoiceNumber()
  location: variable sale of type com.agropecuariopos.backend.models.Sale
[ERROR] /C:/agropecuario-pos/backend/src/main/java/com/agropecuariopos/backend/services/hacienda/XMLDocumentGeneratorV44.java:[43,56] cannot find symbol
  symbol:   method getInvoiceNumber()
  location: variable sale of type com.agropecuariopos.backend.models.Sale
[ERROR] /C:/agropecuario-pos/backend/src/main/java/com/agropecuariopos/backend/services/hacienda/XMLDocumentGeneratorV44.java:[45,35] cannot find symbol
  symbol:   method getCreatedDate()
  location: variable sale of type com.agropecuariopos.backend.models.Sale
[ERROR] /C:/agropecuario-pos/backend/src/main/java/com/agropecuariopos/backend/services/hacienda/XMLDocumentGeneratorV44.java:[46,23] cannot find symbol
  symbol:   method getCreatedDate()
  location: variable sale of type com.agropecuariopos.backend.models.Sale
[ERROR] /C:/agropecuario-pos/backend/src/main/java/com/agropecuariopos/backend/services/hacienda/XMLDocumentGeneratorV44.java:[70,34] cannot find symbol
  symbol:   method getItems()
  location: variable sale of type com.agropecuariopos.backend.models.Sale
[ERROR] /C:/agropecuario-pos/backend/src/main/java/com/agropecuariopos/backend/services/hacienda/XMLDocumentGeneratorV44.java:[73,53] cannot find symbol
  symbol:   method getProduct()
  location: variable item of type com.agropecuariopos.backend.models.SaleItem
[ERROR] /C:/agropecuario-pos/backend/src/main/java/com/agropecuariopos/backend/services/hacienda/XMLDocumentGeneratorV44.java:[74,55] cannot find symbol
  symbol:   method getQuantity()
  location: variable item of type com.agropecuariopos.backend.models.SaleItem
[ERROR] /C:/agropecuario-pos/backend/src/main/java/com/agropecuariopos/backend/services/hacienda/XMLDocumentGeneratorV44.java:[76,54] cannot find symbol
  symbol:   method getProduct()
  location: variable item of type com.agropecuariopos.backend.models.SaleItem
[ERROR] /C:/agropecuario-pos/backend/src/main/java/com/agropecuariopos/backend/services/hacienda/XMLDocumentGeneratorV44.java:[78,33] cannot find symbol
  symbol:   method getUnitPriceAtSale()
  location: variable item of type com.agropecuariopos.backend.models.SaleItem
[ERROR] /C:/agropecuario-pos/backend/src/main/java/com/agropecuariopos/backend/services/hacienda/XMLDocumentGeneratorV44.java:[81,93] cannot find symbol
  symbol:   method getQuantity()
  location: variable item of type com.agropecuariopos.backend.models.SaleItem
[ERROR] /C:/agropecuario-pos/backend/src/main/java/com/agropecuariopos/backend/services/hacienda/XMLDocumentGeneratorV44.java:[81,33] cannot find symbol
  symbol:   method getUnitPriceAtSale()
  location: variable item of type com.agropecuariopos.backend.models.SaleItem
[ERROR] /C:/agropecuario-pos/backend/src/main/java/com/agropecuariopos/backend/services/hacienda/XMLDocumentGeneratorV44.java:[86,21] cannot find symbol
  symbol:   method getItemTax()
  location: variable item of type com.agropecuariopos.backend.models.SaleItem
[ERROR] /C:/agropecuario-pos/backend/src/main/java/com/agropecuariopos/backend/services/hacienda/XMLDocumentGeneratorV44.java:[91,60] cannot find symbol
  symbol:   method getProduct()
  location: variable item of type com.agropecuariopos.backend.models.SaleItem
[ERROR] /C:/agropecuario-pos/backend/src/main/java/com/agropecuariopos/backend/services/hacienda/XMLDocumentGeneratorV44.java:[95,37] cannot find symbol
  symbol:   method getItemTax()
  location: variable item of type com.agropecuariopos.backend.models.SaleItem
[ERROR] /C:/agropecuario-pos/backend/src/main/java/com/agropecuariopos/backend/services/hacienda/XMLDocumentGeneratorV44.java:[101,33] cannot find symbol
  symbol:   method getLineTotal()
  location: variable item of type com.agropecuariopos.backend.models.SaleItem
[ERROR] /C:/agropecuario-pos/backend/src/main/java/com/agropecuariopos/backend/services/hacienda/XMLDocumentGeneratorV44.java:[116,29] cannot find symbol
  symbol:   method getSubtotal()
  location: variable sale of type com.agropecuariopos.backend.models.Sale
[ERROR] /C:/agropecuario-pos/backend/src/main/java/com/agropecuariopos/backend/services/hacienda/XMLDocumentGeneratorV44.java:[119,53] cannot find symbol
  symbol:   method getSubtotal()
  location: variable sale of type com.agropecuariopos.backend.models.Sale
[ERROR] /C:/agropecuario-pos/backend/src/main/java/com/agropecuariopos/backend/services/hacienda/XMLDocumentGeneratorV44.java:[122,51] cannot find symbol
  symbol:   method getSubtotal()
  location: variable sale of type com.agropecuariopos.backend.models.Sale
[ERROR] /C:/agropecuario-pos/backend/src/main/java/com/agropecuariopos/backend/services/hacienda/XMLDocumentGeneratorV44.java:[125,29] cannot find symbol
  symbol:   method getTotalDiscount()
  location: variable sale of type com.agropecuariopos.backend.models.Sale
[ERROR] /C:/agropecuario-pos/backend/src/main/java/com/agropecuariopos/backend/services/hacienda/XMLDocumentGeneratorV44.java:[128,21] cannot find symbol
  symbol:   method getSubtotal()
  location: variable sale of type com.agropecuariopos.backend.models.Sale
[ERROR] /C:/agropecuario-pos/backend/src/main/java/com/agropecuariopos/backend/services/hacienda/XMLDocumentGeneratorV44.java:[128,49] cannot find symbol
  symbol:   method getTotalDiscount()
  location: variable sale of type com.agropecuariopos.backend.models.Sale
[ERROR] /C:/agropecuario-pos/backend/src/main/java/com/agropecuariopos/backend/services/hacienda/XMLDocumentGeneratorV44.java:[130,54] cannot find symbol
  symbol:   method getTotalTax()
  location: variable sale of type com.agropecuariopos.backend.models.Sale
[ERROR] /C:/agropecuario-pos/backend/src/main/java/com/agropecuariopos/backend/services/hacienda/XMLDocumentGeneratorV44.java:[133,29] cannot find symbol
  symbol:   method getFinalTotal()
  location: variable sale of type com.agropecuariopos.backend.models.Sale
[ERROR] /C:/agropecuario-pos/backend/src/main/java/com/agropecuariopos/backend/services/POSSaleService.java:[43,16] cannot find symbol
  symbol:   method setInvoiceNumber(java.lang.String)
  location: variable newSale of type com.agropecuariopos.backend.models.Sale
[ERROR] /C:/agropecuario-pos/backend/src/main/java/com/agropecuariopos/backend/services/POSSaleService.java:[44,41] cannot find symbol
  symbol:   method getPaymentMethod()
  location: variable request of type com.agropecuariopos.backend.dto.SaleRequest
[ERROR] /C:/agropecuario-pos/backend/src/main/java/com/agropecuariopos/backend/services/POSSaleService.java:[45,16] cannot find symbol
  symbol:   method setStatus(com.agropecuariopos.backend.models.Sale.SaleStatus)
  location: variable newSale of type com.agropecuariopos.backend.models.Sale
[ERROR] /C:/agropecuario-pos/backend/src/main/java/com/agropecuariopos/backend/services/POSSaleService.java:[46,38] cannot find symbol
  symbol:   method getClientName()
  location: variable request of type com.agropecuariopos.backend.dto.SaleRequest
[ERROR] /C:/agropecuario-pos/backend/src/main/java/com/agropecuariopos/backend/services/POSSaleService.java:[47,48] cannot find symbol
  symbol:   method getClientIdentification()
  location: variable request of type com.agropecuariopos.backend.dto.SaleRequest
[ERROR] /C:/agropecuario-pos/backend/src/main/java/com/agropecuariopos/backend/services/POSSaleService.java:[53,44] cannot find symbol
  symbol:   method getTotalDiscount()
  location: variable request of type com.agropecuariopos.backend.dto.SaleRequest
[ERROR] /C:/agropecuario-pos/backend/src/main/java/com/agropecuariopos/backend/services/POSSaleService.java:[53,81] cannot find symbol
  symbol:   method getTotalDiscount()
  location: variable request of type com.agropecuariopos.backend.dto.SaleRequest
[ERROR] /C:/agropecuario-pos/backend/src/main/java/com/agropecuariopos/backend/services/POSSaleService.java:[56,63] cannot find symbol
  symbol:   method getItems()
  location: variable request of type com.agropecuariopos.backend.dto.SaleRequest
[ERROR] /C:/agropecuario-pos/backend/src/main/java/com/agropecuariopos/backend/services/POSSaleService.java:[58,69] cannot find symbol
  symbol:   method getProductId()
  location: variable itemReq of type com.agropecuariopos.backend.dto.SaleRequest.SaleItemRequest
[ERROR] /C:/agropecuario-pos/backend/src/main/java/com/agropecuariopos/backend/services/POSSaleService.java:[59,100] cannot find symbol
  symbol:   method getProductId()
  location: variable itemReq of type com.agropecuariopos.backend.dto.SaleRequest.SaleItemRequest
[ERROR] /C:/agropecuario-pos/backend/src/main/java/com/agropecuariopos/backend/services/POSSaleService.java:[62,28] cannot find symbol
  symbol:   method getStockQuantity()
  location: variable product of type com.agropecuariopos.backend.models.Product
[ERROR] /C:/agropecuario-pos/backend/src/main/java/com/agropecuariopos/backend/services/POSSaleService.java:[62,57] cannot find symbol
  symbol:   method getQuantity()
  location: variable itemReq of type com.agropecuariopos.backend.dto.SaleRequest.SaleItemRequest
[ERROR] /C:/agropecuario-pos/backend/src/main/java/com/agropecuariopos/backend/services/POSSaleService.java:[63,92] cannot find symbol
  symbol:   method getName()
  location: variable product of type com.agropecuariopos.backend.models.Product
[ERROR] /C:/agropecuario-pos/backend/src/main/java/com/agropecuariopos/backend/services/POSSaleService.java:[64,38] cannot find symbol
  symbol:   method getCabysCode()
  location: variable product of type com.agropecuariopos.backend.models.Product
[ERROR] /C:/agropecuario-pos/backend/src/main/java/com/agropecuariopos/backend/services/POSSaleService.java:[68,25] cannot find symbol
  symbol:   method setSale(com.agropecuariopos.backend.models.Sale)
  location: variable saleItem of type com.agropecuariopos.backend.models.SaleItem
[ERROR] /C:/agropecuario-pos/backend/src/main/java/com/agropecuariopos/backend/services/POSSaleService.java:[69,25] cannot find symbol
  symbol:   method setProduct(com.agropecuariopos.backend.models.Product)
  location: variable saleItem of type com.agropecuariopos.backend.models.SaleItem
[ERROR] /C:/agropecuario-pos/backend/src/main/java/com/agropecuariopos/backend/services/POSSaleService.java:[70,45] cannot find symbol
  symbol:   method getQuantity()
  location: variable itemReq of type com.agropecuariopos.backend.dto.SaleRequest.SaleItemRequest
[ERROR] /C:/agropecuario-pos/backend/src/main/java/com/agropecuariopos/backend/services/POSSaleService.java:[73,47] cannot find symbol
  symbol:   method getSalePrice()
  location: variable product of type com.agropecuariopos.backend.models.Product
[ERROR] /C:/agropecuario-pos/backend/src/main/java/com/agropecuariopos/backend/services/POSSaleService.java:[74,46] cannot find symbol
  symbol:   method getPurchaseCost()
  location: variable product of type com.agropecuariopos.backend.models.Product
[ERROR] /C:/agropecuario-pos/backend/src/main/java/com/agropecuariopos/backend/services/POSSaleService.java:[75,50] cannot find symbol
  symbol:   method getCustomDiscount()
  location: variable itemReq of type com.agropecuariopos.backend.dto.SaleRequest.SaleItemRequest
[ERROR] /C:/agropecuario-pos/backend/src/main/java/com/agropecuariopos/backend/services/POSSaleService.java:[75,88] cannot find symbol
  symbol:   method getCustomDiscount()
  location: variable itemReq of type com.agropecuariopos.backend.dto.SaleRequest.SaleItemRequest
[ERROR] /C:/agropecuario-pos/backend/src/main/java/com/agropecuariopos/backend/services/POSSaleService.java:[78,25] cannot find symbol
  symbol:   method setUnitPriceAtSale(java.math.BigDecimal)
  location: variable saleItem of type com.agropecuariopos.backend.models.SaleItem
[ERROR] /C:/agropecuario-pos/backend/src/main/java/com/agropecuariopos/backend/services/POSSaleService.java:[79,25] cannot find symbol
  symbol:   method setUnitCostAtSale(java.math.BigDecimal)
  location: variable saleItem of type com.agropecuariopos.backend.models.SaleItem
[ERROR] /C:/agropecuario-pos/backend/src/main/java/com/agropecuariopos/backend/services/POSSaleService.java:[80,25] cannot find symbol
  symbol:   method setItemDiscount(java.math.BigDecimal)
  location: variable saleItem of type com.agropecuariopos.backend.models.SaleItem
[ERROR] /C:/agropecuario-pos/backend/src/main/java/com/agropecuariopos/backend/services/POSSaleService.java:[83,84] cannot find symbol
  symbol:   method getQuantity()
  location: variable itemReq of type com.agropecuariopos.backend.dto.SaleRequest.SaleItemRequest
[ERROR] /C:/agropecuario-pos/backend/src/main/java/com/agropecuariopos/backend/services/POSSaleService.java:[88,48] cannot find symbol
  symbol:   method getIsAgrochemicalInsufficiency()
  location: variable product of type com.agropecuariopos.backend.models.Product
[ERROR] /C:/agropecuario-pos/backend/src/main/java/com/agropecuariopos/backend/services/POSSaleService.java:[89,32] cannot find symbol
  symbol:   method getExonetAuthorizationCode()
  location: variable request of type com.agropecuariopos.backend.dto.SaleRequest
[ERROR] /C:/agropecuario-pos/backend/src/main/java/com/agropecuariopos/backend/services/POSSaleService.java:[90,33] cannot find symbol
  symbol:   method getExonetAuthorizationCode()
  location: variable request of type com.agropecuariopos.backend.dto.SaleRequest
[ERROR] /C:/agropecuario-pos/backend/src/main/java/com/agropecuariopos/backend/services/POSSaleService.java:[97,25] cannot find symbol
  symbol:   method setItemTax(java.math.BigDecimal)
  location: variable saleItem of type com.agropecuariopos.backend.models.SaleItem
[ERROR] /C:/agropecuario-pos/backend/src/main/java/com/agropecuariopos/backend/services/POSSaleService.java:[98,25] cannot find symbol
  symbol:   method setLineTotal(java.math.BigDecimal)
  location: variable saleItem of type com.agropecuariopos.backend.models.SaleItem
[ERROR] /C:/agropecuario-pos/backend/src/main/java/com/agropecuariopos/backend/services/POSSaleService.java:[102,49] cannot find symbol
  symbol:   method getStockQuantity()
  location: variable product of type com.agropecuariopos.backend.models.Product
[ERROR] /C:/agropecuario-pos/backend/src/main/java/com/agropecuariopos/backend/services/POSSaleService.java:[102,78] cannot find symbol
  symbol:   method getQuantity()
  location: variable itemReq of type com.agropecuariopos.backend.dto.SaleRequest.SaleItemRequest
[ERROR] /C:/agropecuario-pos/backend/src/main/java/com/agropecuariopos/backend/services/POSSaleService.java:[112,57] cannot find symbol
  symbol:   method getQuantity()
  location: variable itemReq of type com.agropecuariopos.backend.dto.SaleRequest.SaleItemRequest
[ERROR] /C:/agropecuario-pos/backend/src/main/java/com/agropecuariopos/backend/services/POSSaleService.java:[116,24] cannot find symbol
  symbol:   method getItems()
  location: variable newSale of type com.agropecuariopos.backend.models.Sale
[ERROR] /C:/agropecuario-pos/backend/src/main/java/com/agropecuariopos/backend/services/POSSaleService.java:[123,20] cannot find symbol
  symbol:   method setSubtotal(java.math.BigDecimal)
  location: variable newSale of type com.agropecuariopos.backend.models.Sale
[ERROR] /C:/agropecuario-pos/backend/src/main/java/com/agropecuariopos/backend/services/POSSaleService.java:[124,20] cannot find symbol
  symbol:   method setTotalTax(java.math.BigDecimal)
  location: variable newSale of type com.agropecuariopos.backend.models.Sale
[ERROR] /C:/agropecuario-pos/backend/src/main/java/com/agropecuariopos/backend/services/POSSaleService.java:[125,20] cannot find symbol
  symbol:   method setTotalDiscount(java.math.BigDecimal)
  location: variable newSale of type com.agropecuariopos.backend.models.Sale
[ERROR] /C:/agropecuario-pos/backend/src/main/java/com/agropecuariopos/backend/services/POSSaleService.java:[126,20] cannot find symbol
  symbol:   method setFinalTotal(java.math.BigDecimal)
  location: variable newSale of type com.agropecuariopos.backend.models.Sale
[ERROR] /C:/agropecuario-pos/backend/src/main/java/com/agropecuariopos/backend/services/POSSaleService.java:[127,20] cannot find symbol
  symbol:   method setTotalGrossProfit(java.math.BigDecimal)
  location: variable newSale of type com.agropecuariopos.backend.models.Sale
[ERROR] /C:/agropecuario-pos/backend/src/main/java/com/agropecuariopos/backend/services/POSSaleService.java:[136,33] cannot find symbol
  symbol:   variable xmlDocumentGenerator
  location: class com.agropecuariopos.backend.services.POSSaleService
[ERROR] /C:/agropecuario-pos/backend/src/main/java/com/agropecuariopos/backend/services/POSSaleService.java:[139,36] cannot find symbol
  symbol:   variable xadesSignatureService
  location: class com.agropecuariopos.backend.services.POSSaleService
[ERROR] /C:/agropecuario-pos/backend/src/main/java/com/agropecuariopos/backend/services/POSSaleService.java:[151,26] cannot find symbol
  symbol:   method setStatus(com.agropecuariopos.backend.models.Sale.SaleStatus)
  location: variable savedSale of type com.agropecuariopos.backend.models.Sale
[ERROR] /C:/agropecuario-pos/backend/src/main/java/com/agropecuariopos/backend/services/hacienda/HaciendaAuthClientService.java:[63,55] cannot find symbol
  symbol:   method getAccessToken()
  location: class com.agropecuariopos.backend.dto.hacienda.HaciendaTokenResponse
[ERROR] /C:/agropecuario-pos/backend/src/main/java/com/agropecuariopos/backend/services/hacienda/HaciendaAuthClientService.java:[65,90] cannot find symbol
  symbol:   method getExpiresIn()
  location: class com.agropecuariopos.backend.dto.hacienda.HaciendaTokenResponse
[ERROR] /C:/agropecuario-pos/backend/src/main/java/com/agropecuariopos/backend/controllers/AuthController.java:[50,69] cannot find symbol
  symbol:   method getUsername()
  location: variable loginRequest of type com.agropecuariopos.backend.dto.LoginRequest
[ERROR] /C:/agropecuario-pos/backend/src/main/java/com/agropecuariopos/backend/controllers/AuthController.java:[50,97] cannot find symbol
  symbol:   method getPassword()
  location: variable loginRequest of type com.agropecuariopos.backend.dto.LoginRequest
[ERROR] /C:/agropecuario-pos/backend/src/main/java/com/agropecuariopos/backend/controllers/AuthController.java:[69,58] cannot find symbol
  symbol:   method getUsername()
  location: variable signUpRequest of type com.agropecuariopos.backend.dto.SignupRequest
[ERROR] /C:/agropecuario-pos/backend/src/main/java/com/agropecuariopos/backend/controllers/AuthController.java:[75,55] cannot find symbol
  symbol:   method getEmail()
  location: variable signUpRequest of type com.agropecuariopos.backend.dto.SignupRequest
[ERROR] /C:/agropecuario-pos/backend/src/main/java/com/agropecuariopos/backend/controllers/AuthController.java:[82,43] cannot find symbol
  symbol:   method getUsername()
  location: variable signUpRequest of type com.agropecuariopos.backend.dto.SignupRequest
[ERROR] /C:/agropecuario-pos/backend/src/main/java/com/agropecuariopos/backend/controllers/AuthController.java:[83,30] cannot find symbol
  symbol:   method getEmail()
  location: variable signUpRequest of type com.agropecuariopos.backend.dto.SignupRequest
[ERROR] /C:/agropecuario-pos/backend/src/main/java/com/agropecuariopos/backend/controllers/AuthController.java:[84,45] cannot find symbol
  symbol:   method getPassword()
  location: variable signUpRequest of type com.agropecuariopos.backend.dto.SignupRequest
[ERROR] /C:/agropecuario-pos/backend/src/main/java/com/agropecuariopos/backend/controllers/AuthController.java:[86,45] cannot find symbol
  symbol:   method getRole()
  location: variable signUpRequest of type com.agropecuariopos.backend.dto.SignupRequest
[ERROR] /C:/agropecuario-pos/backend/src/main/java/com/agropecuariopos/backend/controllers/AuthController.java:[114,13] cannot find symbol
  symbol:   method setRoles(java.util.Set<com.agropecuariopos.backend.models.Role>)
  location: variable user of type com.agropecuariopos.backend.models.User
[ERROR] /C:/agropecuario-pos/backend/src/main/java/com/agropecuariopos/backend/services/FinancialReportingService.java:[36,21] cannot find symbol
  symbol:   method getStatus()
  location: variable sale of type com.agropecuariopos.backend.models.Sale
[ERROR] /C:/agropecuario-pos/backend/src/main/java/com/agropecuariopos/backend/services/FinancialReportingService.java:[40,59] cannot find symbol
  symbol:   method getFinalTotal()
  location: variable sale of type com.agropecuariopos.backend.models.Sale
[ERROR] /C:/agropecuario-pos/backend/src/main/java/com/agropecuariopos/backend/services/FinancialReportingService.java:[41,53] cannot find symbol
  symbol:   method getTotalGrossProfit()
  location: variable sale of type com.agropecuariopos.backend.models.Sale
[ERROR] /C:/agropecuario-pos/backend/src/main/java/com/agropecuariopos/backend/services/FinancialReportingService.java:[61,36] cannot find symbol
  symbol:   method builder()
  location: class com.agropecuariopos.backend.dto.ProfitReportResponse
[ERROR] /C:/agropecuario-pos/backend/src/main/java/com/agropecuariopos/backend/services/contingency/ContingencySyncDaemon.java:[50,85] cannot find symbol
  symbol:   method getInvoiceNumber()
  location: variable saleToSync of type com.agropecuariopos.backend.models.Sale
[ERROR] /C:/agropecuario-pos/backend/src/main/java/com/agropecuariopos/backend/services/contingency/ContingencySyncDaemon.java:[51,27] cannot find symbol
  symbol:   method setStatus(com.agropecuariopos.backend.models.Sale.SaleStatus)
  location: variable saleToSync of type com.agropecuariopos.backend.models.Sale
[ERROR] /C:/agropecuario-pos/backend/src/main/java/com/agropecuariopos/backend/security/UserDetailsImpl.java:[36,50] cannot find symbol
  symbol:   method getRoles()
  location: variable user of type com.agropecuariopos.backend.models.User
[ERROR] /C:/agropecuario-pos/backend/src/main/java/com/agropecuariopos/backend/security/UserDetailsImpl.java:[41,21] cannot find symbol
  symbol:   method getId()
  location: variable user of type com.agropecuariopos.backend.models.User
[ERROR] /C:/agropecuario-pos/backend/src/main/java/com/agropecuariopos/backend/security/UserDetailsImpl.java:[42,21] cannot find symbol
  symbol:   method getUsername()
  location: variable user of type com.agropecuariopos.backend.models.User
[ERROR] /C:/agropecuario-pos/backend/src/main/java/com/agropecuariopos/backend/security/UserDetailsImpl.java:[43,21] cannot find symbol
  symbol:   method getEmail()
  location: variable user of type com.agropecuariopos.backend.models.User
[ERROR] /C:/agropecuario-pos/backend/src/main/java/com/agropecuariopos/backend/security/UserDetailsImpl.java:[44,21] cannot find symbol
  symbol:   method getPassword()
  location: variable user of type com.agropecuariopos.backend.models.User
[INFO] 96 errors 
[INFO] -------------------------------------------------------------
[INFO] ------------------------------------------------------------------------
[INFO] BUILD FAILURE
[INFO] ------------------------------------------------------------------------
[INFO] Total time:  4.856 s
[INFO] Finished at: 2026-03-03T19:24:23-06:00
[INFO] ------------------------------------------------------------------------
[ERROR] Failed to execute goal org.apache.maven.plugins:maven-compiler-plugin:3.11.0:compile (default-compile) on project backend: Compilation failure: Compilation failure: 
[ERROR] /C:/agropecuario-pos/backend/src/main/java/com/agropecuariopos/backend/events/listeners/NotificationEventListener.java:[38,23] cannot find symbol
[ERROR]   symbol:   method getTitle()
[ERROR]   location: variable report of type com.agropecuariopos.backend.dto.alerts.EODReportAlert
[ERROR] /C:/agropecuario-pos/backend/src/main/java/com/agropecuariopos/backend/events/listeners/NotificationEventListener.java:[42,48] cannot find symbol
[ERROR]   symbol:   method getTitle()
[ERROR]   location: variable report of type com.agropecuariopos.backend.dto.alerts.EODReportAlert
[ERROR] /C:/agropecuario-pos/backend/src/main/java/com/agropecuariopos/backend/events/listeners/NotificationEventListener.java:[43,52] cannot find symbol
[ERROR]   symbol:   method getTimestamp()
[ERROR]   location: variable report of type com.agropecuariopos.backend.dto.alerts.EODReportAlert
[ERROR] /C:/agropecuario-pos/backend/src/main/java/com/agropecuariopos/backend/events/listeners/NotificationEventListener.java:[44,58] cannot find symbol
[ERROR]   symbol:   method getTotalSalesValue()
[ERROR]   location: variable report of type com.agropecuariopos.backend.dto.alerts.EODReportAlert
[ERROR] /C:/agropecuario-pos/backend/src/main/java/com/agropecuariopos/backend/events/listeners/NotificationEventListener.java:[45,60] cannot find symbol
[ERROR]   symbol:   method getTotalTransactions()
[ERROR]   location: variable report of type com.agropecuariopos.backend.dto.alerts.EODReportAlert
[ERROR] /C:/agropecuario-pos/backend/src/main/java/com/agropecuariopos/backend/events/listeners/NotificationEventListener.java:[46,65] cannot find symbol
[ERROR]   symbol:   method getDocumentsInContingency()
[ERROR]   location: variable report of type com.agropecuariopos.backend.dto.alerts.EODReportAlert
[ERROR] /C:/agropecuario-pos/backend/src/main/java/com/agropecuariopos/backend/events/listeners/NotificationEventListener.java:[47,62] cannot find symbol
[ERROR]   symbol:   method getNetProfitEstimation()
[ERROR]   location: variable report of type com.agropecuariopos.backend.dto.alerts.EODReportAlert
[ERROR] /C:/agropecuario-pos/backend/src/main/java/com/agropecuariopos/backend/events/listeners/NotificationEventListener.java:[55,74] cannot find symbol
[ERROR]   symbol:   method getTitle()
[ERROR]   location: variable report of type com.agropecuariopos.backend.dto.alerts.EODReportAlert
[ERROR] /C:/agropecuario-pos/backend/src/main/java/com/agropecuariopos/backend/services/hacienda/XMLDocumentGeneratorV44.java:[27,80] cannot find symbol
[ERROR]   symbol:   method getInvoiceNumber()
[ERROR]   location: variable sale of type com.agropecuariopos.backend.models.Sale
[ERROR] /C:/agropecuario-pos/backend/src/main/java/com/agropecuariopos/backend/services/hacienda/XMLDocumentGeneratorV44.java:[30,93] cannot find symbol
[ERROR]   symbol:   method getInvoiceNumber()
[ERROR]   location: variable sale of type com.agropecuariopos.backend.models.Sale
[ERROR] /C:/agropecuario-pos/backend/src/main/java/com/agropecuariopos/backend/services/hacienda/XMLDocumentGeneratorV44.java:[43,56] cannot find symbol
[ERROR]   symbol:   method getInvoiceNumber()
[ERROR]   location: variable sale of type com.agropecuariopos.backend.models.Sale
[ERROR] /C:/agropecuario-pos/backend/src/main/java/com/agropecuariopos/backend/services/hacienda/XMLDocumentGeneratorV44.java:[45,35] cannot find symbol
[ERROR]   symbol:   method getCreatedDate()
[ERROR]   location: variable sale of type com.agropecuariopos.backend.models.Sale
[ERROR] /C:/agropecuario-pos/backend/src/main/java/com/agropecuariopos/backend/services/hacienda/XMLDocumentGeneratorV44.java:[46,23] cannot find symbol
[ERROR]   symbol:   method getCreatedDate()
[ERROR]   location: variable sale of type com.agropecuariopos.backend.models.Sale
[ERROR] /C:/agropecuario-pos/backend/src/main/java/com/agropecuariopos/backend/services/hacienda/XMLDocumentGeneratorV44.java:[70,34] cannot find symbol
[ERROR]   symbol:   method getItems()
[ERROR]   location: variable sale of type com.agropecuariopos.backend.models.Sale
[ERROR] /C:/agropecuario-pos/backend/src/main/java/com/agropecuariopos/backend/services/hacienda/XMLDocumentGeneratorV44.java:[73,53] cannot find symbol
[ERROR]   symbol:   method getProduct()
[ERROR]   location: variable item of type com.agropecuariopos.backend.models.SaleItem
[ERROR] /C:/agropecuario-pos/backend/src/main/java/com/agropecuariopos/backend/services/hacienda/XMLDocumentGeneratorV44.java:[74,55] cannot find symbol
[ERROR]   symbol:   method getQuantity()
[ERROR]   location: variable item of type com.agropecuariopos.backend.models.SaleItem
[ERROR] /C:/agropecuario-pos/backend/src/main/java/com/agropecuariopos/backend/services/hacienda/XMLDocumentGeneratorV44.java:[76,54] cannot find symbol
[ERROR]   symbol:   method getProduct()
[ERROR]   location: variable item of type com.agropecuariopos.backend.models.SaleItem
[ERROR] /C:/agropecuario-pos/backend/src/main/java/com/agropecuariopos/backend/services/hacienda/XMLDocumentGeneratorV44.java:[78,33] cannot find symbol
[ERROR]   symbol:   method getUnitPriceAtSale()
[ERROR]   location: variable item of type com.agropecuariopos.backend.models.SaleItem
[ERROR] /C:/agropecuario-pos/backend/src/main/java/com/agropecuariopos/backend/services/hacienda/XMLDocumentGeneratorV44.java:[81,93] cannot find symbol
[ERROR]   symbol:   method getQuantity()
[ERROR]   location: variable item of type com.agropecuariopos.backend.models.SaleItem
[ERROR] /C:/agropecuario-pos/backend/src/main/java/com/agropecuariopos/backend/services/hacienda/XMLDocumentGeneratorV44.java:[81,33] cannot find symbol
[ERROR]   symbol:   method getUnitPriceAtSale()
[ERROR]   location: variable item of type com.agropecuariopos.backend.models.SaleItem
[ERROR] /C:/agropecuario-pos/backend/src/main/java/com/agropecuariopos/backend/services/hacienda/XMLDocumentGeneratorV44.java:[86,21] cannot find symbol
[ERROR]   symbol:   method getItemTax()
[ERROR]   location: variable item of type com.agropecuariopos.backend.models.SaleItem
[ERROR] /C:/agropecuario-pos/backend/src/main/java/com/agropecuariopos/backend/services/hacienda/XMLDocumentGeneratorV44.java:[91,60] cannot find symbol
[ERROR]   symbol:   method getProduct()
[ERROR]   location: variable item of type com.agropecuariopos.backend.models.SaleItem
[ERROR] /C:/agropecuario-pos/backend/src/main/java/com/agropecuariopos/backend/services/hacienda/XMLDocumentGeneratorV44.java:[95,37] cannot find symbol
[ERROR]   symbol:   method getItemTax()
[ERROR]   location: variable item of type com.agropecuariopos.backend.models.SaleItem
[ERROR] /C:/agropecuario-pos/backend/src/main/java/com/agropecuariopos/backend/services/hacienda/XMLDocumentGeneratorV44.java:[101,33] cannot find symbol
[ERROR]   symbol:   method getLineTotal()
[ERROR]   location: variable item of type com.agropecuariopos.backend.models.SaleItem
[ERROR] /C:/agropecuario-pos/backend/src/main/java/com/agropecuariopos/backend/services/hacienda/XMLDocumentGeneratorV44.java:[116,29] cannot find symbol
[ERROR]   symbol:   method getSubtotal()
[ERROR]   location: variable sale of type com.agropecuariopos.backend.models.Sale
[ERROR] /C:/agropecuario-pos/backend/src/main/java/com/agropecuariopos/backend/services/hacienda/XMLDocumentGeneratorV44.java:[119,53] cannot find symbol
[ERROR]   symbol:   method getSubtotal()
[ERROR]   location: variable sale of type com.agropecuariopos.backend.models.Sale
[ERROR] /C:/agropecuario-pos/backend/src/main/java/com/agropecuariopos/backend/services/hacienda/XMLDocumentGeneratorV44.java:[122,51] cannot find symbol
[ERROR]   symbol:   method getSubtotal()
[ERROR]   location: variable sale of type com.agropecuariopos.backend.models.Sale
[ERROR] /C:/agropecuario-pos/backend/src/main/java/com/agropecuariopos/backend/services/hacienda/XMLDocumentGeneratorV44.java:[125,29] cannot find symbol
[ERROR]   symbol:   method getTotalDiscount()
[ERROR]   location: variable sale of type com.agropecuariopos.backend.models.Sale
[ERROR] /C:/agropecuario-pos/backend/src/main/java/com/agropecuariopos/backend/services/hacienda/XMLDocumentGeneratorV44.java:[128,21] cannot find symbol
[ERROR]   symbol:   method getSubtotal()
[ERROR]   location: variable sale of type com.agropecuariopos.backend.models.Sale
[ERROR] /C:/agropecuario-pos/backend/src/main/java/com/agropecuariopos/backend/services/hacienda/XMLDocumentGeneratorV44.java:[128,49] cannot find symbol
[ERROR]   symbol:   method getTotalDiscount()
[ERROR]   location: variable sale of type com.agropecuariopos.backend.models.Sale
[ERROR] /C:/agropecuario-pos/backend/src/main/java/com/agropecuariopos/backend/services/hacienda/XMLDocumentGeneratorV44.java:[130,54] cannot find symbol
[ERROR]   symbol:   method getTotalTax()
[ERROR]   location: variable sale of type com.agropecuariopos.backend.models.Sale
[ERROR] /C:/agropecuario-pos/backend/src/main/java/com/agropecuariopos/backend/services/hacienda/XMLDocumentGeneratorV44.java:[133,29] cannot find symbol
[ERROR]   symbol:   method getFinalTotal()
[ERROR]   location: variable sale of type com.agropecuariopos.backend.models.Sale
[ERROR] /C:/agropecuario-pos/backend/src/main/java/com/agropecuariopos/backend/services/POSSaleService.java:[43,16] cannot find symbol
[ERROR]   symbol:   method setInvoiceNumber(java.lang.String)
[ERROR]   location: variable newSale of type com.agropecuariopos.backend.models.Sale
[ERROR] /C:/agropecuario-pos/backend/src/main/java/com/agropecuariopos/backend/services/POSSaleService.java:[44,41] cannot find symbol
[ERROR]   symbol:   method getPaymentMethod()
[ERROR]   location: variable request of type com.agropecuariopos.backend.dto.SaleRequest
[ERROR] /C:/agropecuario-pos/backend/src/main/java/com/agropecuariopos/backend/services/POSSaleService.java:[45,16] cannot find symbol
[ERROR]   symbol:   method setStatus(com.agropecuariopos.backend.models.Sale.SaleStatus)
[ERROR]   location: variable newSale of type com.agropecuariopos.backend.models.Sale
[ERROR] /C:/agropecuario-pos/backend/src/main/java/com/agropecuariopos/backend/services/POSSaleService.java:[46,38] cannot find symbol
[ERROR]   symbol:   method getClientName()
[ERROR]   location: variable request of type com.agropecuariopos.backend.dto.SaleRequest
[ERROR] /C:/agropecuario-pos/backend/src/main/java/com/agropecuariopos/backend/services/POSSaleService.java:[47,48] cannot find symbol
[ERROR]   symbol:   method getClientIdentification()
[ERROR]   location: variable request of type com.agropecuariopos.backend.dto.SaleRequest
[ERROR] /C:/agropecuario-pos/backend/src/main/java/com/agropecuariopos/backend/services/POSSaleService.java:[53,44] cannot find symbol
[ERROR]   symbol:   method getTotalDiscount()
[ERROR]   location: variable request of type com.agropecuariopos.backend.dto.SaleRequest
[ERROR] /C:/agropecuario-pos/backend/src/main/java/com/agropecuariopos/backend/services/POSSaleService.java:[53,81] cannot find symbol
[ERROR]   symbol:   method getTotalDiscount()
[ERROR]   location: variable request of type com.agropecuariopos.backend.dto.SaleRequest
[ERROR] /C:/agropecuario-pos/backend/src/main/java/com/agropecuariopos/backend/services/POSSaleService.java:[56,63] cannot find symbol
[ERROR]   symbol:   method getItems()
[ERROR]   location: variable request of type com.agropecuariopos.backend.dto.SaleRequest
[ERROR] /C:/agropecuario-pos/backend/src/main/java/com/agropecuariopos/backend/services/POSSaleService.java:[58,69] cannot find symbol
[ERROR]   symbol:   method getProductId()
[ERROR]   location: variable itemReq of type com.agropecuariopos.backend.dto.SaleRequest.SaleItemRequest
[ERROR] /C:/agropecuario-pos/backend/src/main/java/com/agropecuariopos/backend/services/POSSaleService.java:[59,100] cannot find symbol
[ERROR]   symbol:   method getProductId()
[ERROR]   location: variable itemReq of type com.agropecuariopos.backend.dto.SaleRequest.SaleItemRequest
[ERROR] /C:/agropecuario-pos/backend/src/main/java/com/agropecuariopos/backend/services/POSSaleService.java:[62,28] cannot find symbol
[ERROR]   symbol:   method getStockQuantity()
[ERROR]   location: variable product of type com.agropecuariopos.backend.models.Product
[ERROR] /C:/agropecuario-pos/backend/src/main/java/com/agropecuariopos/backend/services/POSSaleService.java:[62,57] cannot find symbol
[ERROR]   symbol:   method getQuantity()
[ERROR]   location: variable itemReq of type com.agropecuariopos.backend.dto.SaleRequest.SaleItemRequest
[ERROR] /C:/agropecuario-pos/backend/src/main/java/com/agropecuariopos/backend/services/POSSaleService.java:[63,92] cannot find symbol
[ERROR]   symbol:   method getName()
[ERROR]   location: variable product of type com.agropecuariopos.backend.models.Product
[ERROR] /C:/agropecuario-pos/backend/src/main/java/com/agropecuariopos/backend/services/POSSaleService.java:[64,38] cannot find symbol
[ERROR]   symbol:   method getCabysCode()
[ERROR]   location: variable product of type com.agropecuariopos.backend.models.Product
[ERROR] /C:/agropecuario-pos/backend/src/main/java/com/agropecuariopos/backend/services/POSSaleService.java:[68,25] cannot find symbol
[ERROR]   symbol:   method setSale(com.agropecuariopos.backend.models.Sale)
[ERROR]   location: variable saleItem of type com.agropecuariopos.backend.models.SaleItem
[ERROR] /C:/agropecuario-pos/backend/src/main/java/com/agropecuariopos/backend/services/POSSaleService.java:[69,25] cannot find symbol
[ERROR]   symbol:   method setProduct(com.agropecuariopos.backend.models.Product)
[ERROR]   location: variable saleItem of type com.agropecuariopos.backend.models.SaleItem
[ERROR] /C:/agropecuario-pos/backend/src/main/java/com/agropecuariopos/backend/services/POSSaleService.java:[70,45] cannot find symbol
[ERROR]   symbol:   method getQuantity()
[ERROR]   location: variable itemReq of type com.agropecuariopos.backend.dto.SaleRequest.SaleItemRequest
[ERROR] /C:/agropecuario-pos/backend/src/main/java/com/agropecuariopos/backend/services/POSSaleService.java:[73,47] cannot find symbol
[ERROR]   symbol:   method getSalePrice()
[ERROR]   location: variable product of type com.agropecuariopos.backend.models.Product
[ERROR] /C:/agropecuario-pos/backend/src/main/java/com/agropecuariopos/backend/services/POSSaleService.java:[74,46] cannot find symbol
[ERROR]   symbol:   method getPurchaseCost()
[ERROR]   location: variable product of type com.agropecuariopos.backend.models.Product
[ERROR] /C:/agropecuario-pos/backend/src/main/java/com/agropecuariopos/backend/services/POSSaleService.java:[75,50] cannot find symbol
[ERROR]   symbol:   method getCustomDiscount()
[ERROR]   location: variable itemReq of type com.agropecuariopos.backend.dto.SaleRequest.SaleItemRequest
[ERROR] /C:/agropecuario-pos/backend/src/main/java/com/agropecuariopos/backend/services/POSSaleService.java:[75,88] cannot find symbol
[ERROR]   symbol:   method getCustomDiscount()
[ERROR]   location: variable itemReq of type com.agropecuariopos.backend.dto.SaleRequest.SaleItemRequest
[ERROR] /C:/agropecuario-pos/backend/src/main/java/com/agropecuariopos/backend/services/POSSaleService.java:[78,25] cannot find symbol
[ERROR]   symbol:   method setUnitPriceAtSale(java.math.BigDecimal)
[ERROR]   location: variable saleItem of type com.agropecuariopos.backend.models.SaleItem
[ERROR] /C:/agropecuario-pos/backend/src/main/java/com/agropecuariopos/backend/services/POSSaleService.java:[79,25] cannot find symbol
[ERROR]   symbol:   method setUnitCostAtSale(java.math.BigDecimal)
[ERROR]   location: variable saleItem of type com.agropecuariopos.backend.models.SaleItem
[ERROR] /C:/agropecuario-pos/backend/src/main/java/com/agropecuariopos/backend/services/POSSaleService.java:[80,25] cannot find symbol
[ERROR]   symbol:   method setItemDiscount(java.math.BigDecimal)
[ERROR]   location: variable saleItem of type com.agropecuariopos.backend.models.SaleItem
[ERROR] /C:/agropecuario-pos/backend/src/main/java/com/agropecuariopos/backend/services/POSSaleService.java:[83,84] cannot find symbol
[ERROR]   symbol:   method getQuantity()
[ERROR]   location: variable itemReq of type com.agropecuariopos.backend.dto.SaleRequest.SaleItemRequest
[ERROR] /C:/agropecuario-pos/backend/src/main/java/com/agropecuariopos/backend/services/POSSaleService.java:[88,48] cannot find symbol
[ERROR]   symbol:   method getIsAgrochemicalInsufficiency()
[ERROR]   location: variable product of type com.agropecuariopos.backend.models.Product
[ERROR] /C:/agropecuario-pos/backend/src/main/java/com/agropecuariopos/backend/services/POSSaleService.java:[89,32] cannot find symbol
[ERROR]   symbol:   method getExonetAuthorizationCode()
[ERROR]   location: variable request of type com.agropecuariopos.backend.dto.SaleRequest
[ERROR] /C:/agropecuario-pos/backend/src/main/java/com/agropecuariopos/backend/services/POSSaleService.java:[90,33] cannot find symbol
[ERROR]   symbol:   method getExonetAuthorizationCode()
[ERROR]   location: variable request of type com.agropecuariopos.backend.dto.SaleRequest
[ERROR] /C:/agropecuario-pos/backend/src/main/java/com/agropecuariopos/backend/services/POSSaleService.java:[97,25] cannot find symbol
[ERROR]   symbol:   method setItemTax(java.math.BigDecimal)
[ERROR]   location: variable saleItem of type com.agropecuariopos.backend.models.SaleItem
[ERROR] /C:/agropecuario-pos/backend/src/main/java/com/agropecuariopos/backend/services/POSSaleService.java:[98,25] cannot find symbol
[ERROR]   symbol:   method setLineTotal(java.math.BigDecimal)
[ERROR]   location: variable saleItem of type com.agropecuariopos.backend.models.SaleItem
[ERROR] /C:/agropecuario-pos/backend/src/main/java/com/agropecuariopos/backend/services/POSSaleService.java:[102,49] cannot find symbol
[ERROR]   symbol:   method getStockQuantity()
[ERROR]   location: variable product of type com.agropecuariopos.backend.models.Product
[ERROR] /C:/agropecuario-pos/backend/src/main/java/com/agropecuariopos/backend/services/POSSaleService.java:[102,78] cannot find symbol
[ERROR]   symbol:   method getQuantity()
[ERROR]   location: variable itemReq of type com.agropecuariopos.backend.dto.SaleRequest.SaleItemRequest
[ERROR] /C:/agropecuario-pos/backend/src/main/java/com/agropecuariopos/backend/services/POSSaleService.java:[112,57] cannot find symbol
[ERROR]   symbol:   method getQuantity()
[ERROR]   location: variable itemReq of type com.agropecuariopos.backend.dto.SaleRequest.SaleItemRequest
[ERROR] /C:/agropecuario-pos/backend/src/main/java/com/agropecuariopos/backend/services/POSSaleService.java:[116,24] cannot find symbol
[ERROR]   symbol:   method getItems()
[ERROR]   location: variable newSale of type com.agropecuariopos.backend.models.Sale
[ERROR] /C:/agropecuario-pos/backend/src/main/java/com/agropecuariopos/backend/services/POSSaleService.java:[123,20] cannot find symbol
[ERROR]   symbol:   method setSubtotal(java.math.BigDecimal)
[ERROR]   location: variable newSale of type com.agropecuariopos.backend.models.Sale
[ERROR] /C:/agropecuario-pos/backend/src/main/java/com/agropecuariopos/backend/services/POSSaleService.java:[124,20] cannot find symbol
[ERROR]   symbol:   method setTotalTax(java.math.BigDecimal)
[ERROR]   location: variable newSale of type com.agropecuariopos.backend.models.Sale
[ERROR] /C:/agropecuario-pos/backend/src/main/java/com/agropecuariopos/backend/services/POSSaleService.java:[125,20] cannot find symbol
[ERROR]   symbol:   method setTotalDiscount(java.math.BigDecimal)
[ERROR]   location: variable newSale of type com.agropecuariopos.backend.models.Sale
[ERROR] /C:/agropecuario-pos/backend/src/main/java/com/agropecuariopos/backend/services/POSSaleService.java:[126,20] cannot find symbol
[ERROR]   symbol:   method setFinalTotal(java.math.BigDecimal)
[ERROR]   location: variable newSale of type com.agropecuariopos.backend.models.Sale
[ERROR] /C:/agropecuario-pos/backend/src/main/java/com/agropecuariopos/backend/services/POSSaleService.java:[127,20] cannot find symbol
[ERROR]   symbol:   method setTotalGrossProfit(java.math.BigDecimal)
[ERROR]   location: variable newSale of type com.agropecuariopos.backend.models.Sale
[ERROR] /C:/agropecuario-pos/backend/src/main/java/com/agropecuariopos/backend/services/POSSaleService.java:[136,33] cannot find symbol
[ERROR]   symbol:   variable xmlDocumentGenerator
[ERROR]   location: class com.agropecuariopos.backend.services.POSSaleService
[ERROR] /C:/agropecuario-pos/backend/src/main/java/com/agropecuariopos/backend/services/POSSaleService.java:[139,36] cannot find symbol
[ERROR]   symbol:   variable xadesSignatureService
[ERROR]   location: class com.agropecuariopos.backend.services.POSSaleService
[ERROR] /C:/agropecuario-pos/backend/src/main/java/com/agropecuariopos/backend/services/POSSaleService.java:[151,26] cannot find symbol
[ERROR]   symbol:   method setStatus(com.agropecuariopos.backend.models.Sale.SaleStatus)
[ERROR]   location: variable savedSale of type com.agropecuariopos.backend.models.Sale
[ERROR] /C:/agropecuario-pos/backend/src/main/java/com/agropecuariopos/backend/services/hacienda/HaciendaAuthClientService.java:[63,55] cannot find symbol
[ERROR]   symbol:   method getAccessToken()
[ERROR]   location: class com.agropecuariopos.backend.dto.hacienda.HaciendaTokenResponse
[ERROR] /C:/agropecuario-pos/backend/src/main/java/com/agropecuariopos/backend/services/hacienda/HaciendaAuthClientService.java:[65,90] cannot find symbol
[ERROR]   symbol:   method getExpiresIn()
[ERROR]   location: class com.agropecuariopos.backend.dto.hacienda.HaciendaTokenResponse
[ERROR] /C:/agropecuario-pos/backend/src/main/java/com/agropecuariopos/backend/controllers/AuthController.java:[50,69] cannot find symbol
[ERROR]   symbol:   method getUsername()
[ERROR]   location: variable loginRequest of type com.agropecuariopos.backend.dto.LoginRequest
[ERROR] /C:/agropecuario-pos/backend/src/main/java/com/agropecuariopos/backend/controllers/AuthController.java:[50,97] cannot find symbol
[ERROR]   symbol:   method getPassword()
[ERROR]   location: variable loginRequest of type com.agropecuariopos.backend.dto.LoginRequest
[ERROR] /C:/agropecuario-pos/backend/src/main/java/com/agropecuariopos/backend/controllers/AuthController.java:[69,58] cannot find symbol
[ERROR]   symbol:   method getUsername()
[ERROR]   location: variable signUpRequest of type com.agropecuariopos.backend.dto.SignupRequest
[ERROR] /C:/agropecuario-pos/backend/src/main/java/com/agropecuariopos/backend/controllers/AuthController.java:[75,55] cannot find symbol
[ERROR]   symbol:   method getEmail()
[ERROR]   location: variable signUpRequest of type com.agropecuariopos.backend.dto.SignupRequest
[ERROR] /C:/agropecuario-pos/backend/src/main/java/com/agropecuariopos/backend/controllers/AuthController.java:[82,43] cannot find symbol
[ERROR]   symbol:   method getUsername()
[ERROR]   location: variable signUpRequest of type com.agropecuariopos.backend.dto.SignupRequest
[ERROR] /C:/agropecuario-pos/backend/src/main/java/com/agropecuariopos/backend/controllers/AuthController.java:[83,30] cannot find symbol
[ERROR]   symbol:   method getEmail()
[ERROR]   location: variable signUpRequest of type com.agropecuariopos.backend.dto.SignupRequest
[ERROR] /C:/agropecuario-pos/backend/src/main/java/com/agropecuariopos/backend/controllers/AuthController.java:[84,45] cannot find symbol
[ERROR]   symbol:   method getPassword()
[ERROR]   location: variable signUpRequest of type com.agropecuariopos.backend.dto.SignupRequest
[ERROR] /C:/agropecuario-pos/backend/src/main/java/com/agropecuariopos/backend/controllers/AuthController.java:[86,45] cannot find symbol
[ERROR]   symbol:   method getRole()
[ERROR]   location: variable signUpRequest of type com.agropecuariopos.backend.dto.SignupRequest
[ERROR] /C:/agropecuario-pos/backend/src/main/java/com/agropecuariopos/backend/controllers/AuthController.java:[114,13] cannot find symbol
[ERROR]   symbol:   method setRoles(java.util.Set<com.agropecuariopos.backend.models.Role>)
[ERROR]   location: variable user of type com.agropecuariopos.backend.models.User
[ERROR] /C:/agropecuario-pos/backend/src/main/java/com/agropecuariopos/backend/services/FinancialReportingService.java:[36,21] cannot find symbol
[ERROR]   symbol:   method getStatus()
[ERROR]   location: variable sale of type com.agropecuariopos.backend.models.Sale
[ERROR] /C:/agropecuario-pos/backend/src/main/java/com/agropecuariopos/backend/services/FinancialReportingService.java:[40,59] cannot find symbol
[ERROR]   symbol:   method getFinalTotal()
[ERROR]   location: variable sale of type com.agropecuariopos.backend.models.Sale
[ERROR] /C:/agropecuario-pos/backend/src/main/java/com/agropecuariopos/backend/services/FinancialReportingService.java:[41,53] cannot find symbol
[ERROR]   symbol:   method getTotalGrossProfit()
[ERROR]   location: variable sale of type com.agropecuariopos.backend.models.Sale
[ERROR] /C:/agropecuario-pos/backend/src/main/java/com/agropecuariopos/backend/services/FinancialReportingService.java:[61,36] cannot find symbol
[ERROR]   symbol:   method builder()
[ERROR]   location: class com.agropecuariopos.backend.dto.ProfitReportResponse
[ERROR] /C:/agropecuario-pos/backend/src/main/java/com/agropecuariopos/backend/services/contingency/ContingencySyncDaemon.java:[50,85] cannot find symbol
[ERROR]   symbol:   method getInvoiceNumber()
[ERROR]   location: variable saleToSync of type com.agropecuariopos.backend.models.Sale
[ERROR] /C:/agropecuario-pos/backend/src/main/java/com/agropecuariopos/backend/services/contingency/ContingencySyncDaemon.java:[51,27] cannot find symbol
[ERROR]   symbol:   method setStatus(com.agropecuariopos.backend.models.Sale.SaleStatus)
[ERROR]   location: variable saleToSync of type com.agropecuariopos.backend.models.Sale
[ERROR] /C:/agropecuario-pos/backend/src/main/java/com/agropecuariopos/backend/security/UserDetailsImpl.java:[36,50] cannot find symbol
[ERROR]   symbol:   method getRoles()
[ERROR]   location: variable user of type com.agropecuariopos.backend.models.User
[ERROR] /C:/agropecuario-pos/backend/src/main/java/com/agropecuariopos/backend/security/UserDetailsImpl.java:[41,21] cannot find symbol
[ERROR]   symbol:   method getId()
[ERROR]   location: variable user of type com.agropecuariopos.backend.models.User
[ERROR] /C:/agropecuario-pos/backend/src/main/java/com/agropecuariopos/backend/security/UserDetailsImpl.java:[42,21] cannot find symbol
[ERROR]   symbol:   method getUsername()
[ERROR]   location: variable user of type com.agropecuariopos.backend.models.User
[ERROR] /C:/agropecuario-pos/backend/src/main/java/com/agropecuariopos/backend/security/UserDetailsImpl.java:[43,21] cannot find symbol
[ERROR]   symbol:   method getEmail()
[ERROR]   location: variable user of type com.agropecuariopos.backend.models.User
[ERROR] /C:/agropecuario-pos/backend/src/main/java/com/agropecuariopos/backend/security/UserDetailsImpl.java:[44,21] cannot find symbol
[ERROR]   symbol:   method getPassword()
[ERROR]   location: variable user of type com.agropecuariopos.backend.models.User
[ERROR] -> [Help 1]
[ERROR] 
[ERROR] To see the full stack trace of the errors, re-run Maven with the -e switch.
[ERROR] Re-run Maven using the -X switch to enable full debug logging.
[ERROR] 
[ERROR] For more information about the errors and possible solutions, please read the following articles:
[ERROR] [Help 1] http://cwiki.apache.org/confluence/display/MAVEN/MojoFailureException
